// Jest Snapshot v1, https://goo.gl/fbAQLP

exports[`snapshot test 1`] = `
<div>
  <div>
    <div>
      Name:
    </div>
    <input
      id="name"
      name="name"
      onChange={[Function]}
      type="text"
      value=""
    />
  </div>
  <input
    className="button"
    onClick={[Function]}
    type="submit"
    value="login"
  />
</div>
`;
